// Jest Snapshot v1, https://goo.gl/fbAQLP

exports[`should render EditItemPage 1`] = `
<div
  className="row"
  id="edit-item-page"
>
  <div
    className="col-sm-12"
  >
    <ItemForm
      item={
        Object {
          "amount": 1500,
          "description": "Coat",
          "id": "3",
          "note": "",
        }
      }
      onSubmit={[Function]}
    />
    <button
      className="btn btn-md btn-danger"
      id="btn-remove"
      onClick={[Function]}
      type="submit"
    >
      Remove Item
    </button>
  </div>
</div>
`;
