// Jest Snapshot v1, https://goo.gl/fbAQLP

exports[`should render ItemListItem correctly 1`] = `
<div
  className="row"
>
  <div
    className="col-sm-4"
  >
    <Link
      replace={false}
      to="/edit/1"
    >
      <h3>
        Pant
      </h3>
    </Link>
  </div>
  <div
    className="col-sm-4"
  >
    $5.00
  </div>
  <div
    className="col-sm-4"
  />
</div>
`;
