// Jest Snapshot v1, https://goo.gl/fbAQLP

exports[`should render ItemPlot with empty message 1`] = `
<div
  className="alert alert-primary"
  role="alert"
>
  Add some items to plot sales!
</div>
`;

exports[`should render ItemPlot with plot data 1`] = `
<ItemPlotItem
  plots={
    Array [
      Object {
        "description": "Pant",
        "sales": 10,
        "sales2": 20,
        "sales3": 30,
        "sales4": 40,
      },
      Object {
        "description": "Shirt",
        "sales": 1,
        "sales2": 2,
        "sales3": 3,
        "sales4": 4,
      },
      Object {
        "description": "Coat",
        "sales": 5,
        "sales2": 10,
        "sales3": 15,
        "sales4": 20,
      },
    ]
  }
/>
`;
